  ▲ Next.js 14.2.35
  - Local:        http://localhost:3000

 ✓ Starting...
 ✓ Ready in 31.4s
 ○ Compiling /admin ...
 ✓ Compiled /admin in 41.8s (1140 modules)
 ✓ Compiled in 1779ms (577 modules)
 GET /admin 200 in 44375ms
 GET /admin 200 in 2231ms
 ○ Compiling / ...
 ✓ Compiled /admin/login in 180.2s (2365 modules)
 GET / 200 in 4026ms
 GET /admin/login 200 in 902ms
 ✓ Compiled in 24.9s (1743 modules)
 ✓ Compiled in 2.2s (1195 modules)
 ✓ Compiled in 1868ms (1195 modules)
 ✓ Compiled in 23.6s (1729 modules)
 ✓ Compiled in 7s (1197 modules)
 ✓ Compiled in 936ms (1197 modules)
 ✓ Compiled in 969ms (1197 modules)
 ✓ Compiled in 1312ms (1197 modules)
 ✓ Compiled in 4.1s (1197 modules)
 ✓ Compiled in 3.2s (1196 modules)
 ✓ Compiled in 1123ms (1196 modules)
